Token(type=GRAIN, lexeme=grain, literal=null, line=1)
Token(type=DRAM, lexeme=dram, literal=null, line=2)
Token(type=SCROLL, lexeme=scroll, literal=null, line=3)
Token(type=RUNE, lexeme=rune, literal=null, line=4)
Token(type=BOON, lexeme=boon, literal=true, line=5)
Token(type=BANE, lexeme=bane, literal=false, line=6)
Token(type=NIL, lexeme=nil, literal=null, line=7)
Token(type=SEAL, lexeme=seal, literal=null, line=8)
Token(type=WHEN, lexeme=when, literal=null, line=9)
Token(type=LEST, lexeme=lest, literal=null, line=10)
Token(type=AUGUR, lexeme=augur, literal=null, line=11)
Token(type=SIGN, lexeme=sign, literal=null, line=12)
Token(type=FATE, lexeme=fate, literal=null, line=13)
Token(type=SPELL, lexeme=spell, literal=null, line=14)
Token(type=CAST, lexeme=cast, literal=null, line=15)
Token(type=YIELD, lexeme=yield, literal=null, line=16)
Token(type=IDENTIFIER, lexeme=grainy, literal=null, line=18)
Token(type=IDENTIFIER, lexeme=drama, literal=null, line=19)
Token(type=IDENTIFIER, lexeme=scrollz, literal=null, line=20)
Token(type=IDENTIFIER, lexeme=runes, literal=null, line=21)
Token(type=IDENTIFIER, lexeme=boonish, literal=null, line=22)
Token(type=IDENTIFIER, lexeme=baneful, literal=null, line=23)
Token(type=IDENTIFIER, lexeme=nill, literal=null, line=24)
Token(type=IDENTIFIER, lexeme=sealed, literal=null, line=25)
Token(type=IDENTIFIER, lexeme=whens, literal=null, line=26)
Token(type=IDENTIFIER, lexeme=lestago, literal=null, line=27)
Token(type=IDENTIFIER, lexeme=augurrrr, literal=null, line=28)
Token(type=IDENTIFIER, lexeme=signature, literal=null, line=29)
Token(type=IDENTIFIER, lexeme=fated, literal=null, line=30)
Token(type=IDENTIFIER, lexeme=spellbound, literal=null, line=31)
Token(type=IDENTIFIER, lexeme=castaway, literal=null, line=32)
Token(type=IDENTIFIER, lexeme=yielded, literal=null, line=33)
Token(type=IDENTIFIER, lexeme=age, literal=null, line=35)
Token(type=IDENTIFIER, lexeme=name, literal=null, line=36)
Token(type=IDENTIFIER, lexeme=power, literal=null, line=37)
Token(type=IDENTIFIER, lexeme=result, literal=null, line=38)
Token(type=EOF, lexeme=, literal=null, line=38)