Token(type=STRING, lexeme="hello\nworld", literal=hello\nworld, line=1)
Token(type=STRING, lexeme="say \"hello\"", literal=say \"hello\", line=2)
Token(type=STRING, lexeme="path\\file", literal=path\\file, line=3)
Token(type=STRING, lexeme="tab\there", literal=tab\there, line=4)
Token(type=STRING, lexeme="quote: \"hello\"", literal=quote: \"hello\", line=5)
Token(type=STRING, lexeme="backslash: \\", literal=backslash: \\, line=6)
Token(type=EOF, lexeme=, literal=null, line=6)