Token(type=EQUAL_EQUAL, lexeme===, literal=null, line=1)
Token(type=NOT_EQUAL, lexeme=!=, literal=null, line=1)
Token(type=GREATER_EQUAL, lexeme=>=, literal=null, line=1)
Token(type=LESS_EQUAL, lexeme=<=, literal=null, line=1)
Token(type=AND, lexeme=&&, literal=null, line=1)
Token(type=OR, lexeme=||, literal=null, line=1)
Token(type=ARROW, lexeme=->, literal=null, line=1)
Token(type=EOF, lexeme=, literal=null, line=1)