Token(type=NUMBER, lexeme=123, literal=123, line=1)
Token(type=NUMBER, lexeme=46, literal=46, line=1)
Token(type=NUMBER, lexeme=0, literal=0, line=1)
Token(type=NUMBER, lexeme=999, literal=999, line=1)
Token(type=NUMBER, lexeme=3.14, literal=3.14, line=1)
Token(type=NUMBER, lexeme=0.5, literal=0.5, line=1)
Token(type=NUMBER, lexeme=.55, literal=0.55, line=1)
Token(type=NUMBER, lexeme=5, literal=5, line=1)
Token(type=DOT, lexeme=., literal=null, line=1)
Token(type=NUMBER, lexeme=123, literal=123, line=1)
Token(type=DOT, lexeme=., literal=null, line=1)
Token(type=EOF, lexeme=, literal=null, line=1)